it 705 steps 23.10M t 4s ep_len 319 dead% 90 ent 0.419 vloss 0.0057 clip 0.001 lvw [0.06, 0.06, 0.08, 0.06, 0.18, 0.55]
it 710 steps 23.27M t 8s ep_len 512 dead% 90 ent 0.411 vloss 0.0067 clip 0.001 lvw [0.06, 0.06, 0.06, 0.06, 0.19, 0.57]
it 715 steps 23.43M t 12s ep_len 938 dead% 45 ent 0.410 vloss 0.0088 clip 0.007 lvw [0.06, 0.05, 0.06, 0.06, 0.18, 0.59]
it 720 steps 23.59M t 16s ep_len 949 dead% 42 ent 0.414 vloss 0.0103 clip 0.003 lvw [0.05, 0.05, 0.05, 0.06, 0.16, 0.62]
it 725 steps 23.76M t 20s ep_len 795 dead% 53 ent 0.383 vloss 0.0105 clip 0.003 lvw [0.05, 0.05, 0.06, 0.06, 0.15, 0.63]
it 730 steps 23.92M t 23s ep_len 798 dead% 55 ent 0.416 vloss 0.0081 clip 0.003 lvw [0.05, 0.05, 0.05, 0.06, 0.14, 0.65]
it 735 steps 24.08M t 27s ep_len 903 dead% 54 ent 0.400 vloss 0.0075 clip 0.002 lvw [0.05, 0.05, 0.05, 0.06, 0.16, 0.63]
it 740 steps 24.25M t 31s ep_len 919 dead% 56 ent 0.380 vloss 0.0091 clip 0.003 lvw [0.05, 0.05, 0.05, 0.06, 0.16, 0.63]
it 745 steps 24.41M t 35s ep_len 1063 dead% 56 ent 0.389 vloss 0.0092 clip 0.002 lvw [0.05, 0.05, 0.05, 0.05, 0.14, 0.64]
it 750 steps 24.58M t 39s ep_len 1073 dead% 59 ent 0.367 vloss 0.0106 clip 0.005 lvw [0.05, 0.05, 0.05, 0.05, 0.14, 0.65]
it 755 steps 24.74M t 43s ep_len 1151 dead% 63 ent 0.386 vloss 0.0123 clip 0.007 lvw [0.05, 0.05, 0.05, 0.05, 0.14, 0.65]
it 760 steps 24.90M t 47s ep_len 1249 dead% 64 ent 0.372 vloss 0.0125 clip 0.004 lvw [0.05, 0.05, 0.05, 0.06, 0.14, 0.65]
it 765 steps 25.07M t 51s ep_len 1295 dead% 62 ent 0.395 vloss 0.0111 clip 0.013 lvw [0.05, 0.05, 0.05, 0.06, 0.13, 0.66]
it 770 steps 25.23M t 54s ep_len 1225 dead% 60 ent 0.377 vloss 0.0097 clip 0.006 lvw [0.05, 0.05, 0.05, 0.05, 0.13, 0.66]
it 775 steps 25.40M t 58s ep_len 1162 dead% 59 ent 0.369 vloss 0.0088 clip 0.006 lvw [0.05, 0.05, 0.05, 0.05, 0.13, 0.66]
it 780 steps 25.56M t 62s ep_len 1194 dead% 56 ent 0.381 vloss 0.0081 clip 0.004 lvw [0.05, 0.05, 0.05, 0.05, 0.13, 0.66]
it 785 steps 25.72M t 67s ep_len 1250 dead% 58 ent 0.368 vloss 0.0133 clip 0.005 lvw [0.05, 0.05, 0.05, 0.06, 0.13, 0.66]
it 790 steps 25.89M t 71s ep_len 1138 dead% 58 ent 0.386 vloss 0.0119 clip 0.004 lvw [0.05, 0.05, 0.05, 0.06, 0.14, 0.65]
it 795 steps 26.05M t 75s ep_len 1160 dead% 56 ent 0.380 vloss 0.0106 clip 0.001 lvw [0.05, 0.05, 0.05, 0.06, 0.15, 0.64]
it 800 steps 26.21M t 82s ep_len 1152 dead% 57 ent 0.388 vloss 0.0114 clip 0.004 lvw [0.05, 0.05, 0.05, 0.06, 0.15, 0.64]
  EVAL det  deaths/32 in 1500 frames: L0:0 L1:0 L2:0 L3:6 L4:21 L5:24 | full-game cleared 1/16 mean frames 5583
  EVAL stoc deaths/32 in 1500 frames: L0:0 L1:2 L2:3 L3:11 L4:22 L5:24 | full-game cleared 1/16 mean frames 5422
it 805 steps 26.38M t 88s ep_len 1177 dead% 56 ent 0.399 vloss 0.0092 clip 0.002 lvw [0.05, 0.05, 0.05, 0.06, 0.14, 0.64]
it 810 steps 26.54M t 92s ep_len 1204 dead% 61 ent 0.370 vloss 0.0131 clip 0.002 lvw [0.05, 0.05, 0.05, 0.06, 0.14, 0.64]
it 815 steps 26.71M t 96s ep_len 1227 dead% 61 ent 0.385 vloss 0.0118 clip 0.002 lvw [0.05, 0.05, 0.05, 0.06, 0.15, 0.64]
it 820 steps 26.87M t 100s ep_len 1261 dead% 61 ent 0.372 vloss 0.0116 clip 0.002 lvw [0.05, 0.05, 0.05, 0.06, 0.14, 0.65]
it 825 steps 27.03M t 104s ep_len 1196 dead% 58 ent 0.389 vloss 0.0071 clip 0.004 lvw [0.05, 0.05, 0.05, 0.06, 0.13, 0.66]
it 830 steps 27.20M t 108s ep_len 1204 dead% 58 ent 0.387 vloss 0.0094 clip 0.003 lvw [0.05, 0.05, 0.05, 0.06, 0.13, 0.65]
it 835 steps 27.36M t 112s ep_len 1204 dead% 58 ent 0.386 vloss 0.0132 clip 0.003 lvw [0.05, 0.05, 0.05, 0.06, 0.13, 0.66]
it 840 steps 27.53M t 118s ep_len 1285 dead% 63 ent 0.394 vloss 0.0085 clip 0.003 lvw [0.05, 0.05, 0.05, 0.05, 0.14, 0.66]
it 845 steps 27.69M t 122s ep_len 1331 dead% 62 ent 0.372 vloss 0.0095 clip 0.003 lvw [0.05, 0.05, 0.05, 0.05, 0.14, 0.66]
it 850 steps 27.85M t 126s ep_len 1285 dead% 60 ent 0.385 vloss 0.0121 clip 0.003 lvw [0.05, 0.05, 0.05, 0.05, 0.13, 0.66]
it 855 steps 28.02M t 130s ep_len 1223 dead% 60 ent 0.380 vloss 0.0125 clip 0.002 lvw [0.05, 0.05, 0.05, 0.05, 0.13, 0.66]
it 860 steps 28.18M t 135s ep_len 1132 dead% 62 ent 0.392 vloss 0.0106 clip 0.003 lvw [0.05, 0.05, 0.05, 0.05, 0.13, 0.66]
it 865 steps 28.34M t 139s ep_len 1100 dead% 63 ent 0.369 vloss 0.0100 clip 0.002 lvw [0.05, 0.05, 0.05, 0.05, 0.13, 0.66]
it 870 steps 28.51M t 142s ep_len 1121 dead% 60 ent 0.378 vloss 0.0097 clip 0.003 lvw [0.05, 0.05, 0.05, 0.05, 0.13, 0.66]
it 875 steps 28.67M t 146s ep_len 1166 dead% 59 ent 0.383 vloss 0.0073 clip 0.002 lvw [0.05, 0.05, 0.05, 0.05, 0.13, 0.66]
it 880 steps 28.84M t 150s ep_len 1078 dead% 56 ent 0.384 vloss 0.0100 clip 0.004 lvw [0.05, 0.05, 0.05, 0.05, 0.12, 0.67]
it 885 steps 29.00M t 156s ep_len 1082 dead% 57 ent 0.373 vloss 0.0105 clip 0.006 lvw [0.05, 0.05, 0.05, 0.06, 0.13, 0.66]
it 890 steps 29.16M t 160s ep_len 1151 dead% 58 ent 0.362 vloss 0.0125 clip 0.001 lvw [0.05, 0.05, 0.05, 0.05, 0.13, 0.66]
it 895 steps 29.33M t 164s ep_len 1211 dead% 57 ent 0.363 vloss 0.0114 clip 0.004 lvw [0.05, 0.05, 0.05, 0.05, 0.13, 0.66]
it 900 steps 29.49M t 168s ep_len 1247 dead% 58 ent 0.357 vloss 0.0078 clip 0.004 lvw [0.05, 0.05, 0.05, 0.05, 0.13, 0.66]
  EVAL det  deaths/32 in 1500 frames: L0:0 L1:0 L2:0 L3:3 L4:19 L5:22 | full-game cleared 2/16 mean frames 5849
  EVAL stoc deaths/32 in 1500 frames: L0:0 L1:0 L2:2 L3:6 L4:23 L5:23 | full-game cleared 0/16 mean frames 5607
it 905 steps 29.66M t 174s ep_len 1246 dead% 54 ent 0.369 vloss 0.0103 clip 0.002 lvw [0.05, 0.05, 0.05, 0.05, 0.13, 0.66]
it 910 steps 29.82M t 178s ep_len 1239 dead% 58 ent 0.354 vloss 0.0113 clip 0.003 lvw [0.05, 0.05, 0.05, 0.05, 0.13, 0.67]
it 915 steps 29.98M t 181s ep_len 1226 dead% 58 ent 0.353 vloss 0.0076 clip 0.005 lvw [0.05, 0.05, 0.05, 0.06, 0.12, 0.67]
it 920 steps 30.15M t 185s ep_len 1139 dead% 59 ent 0.329 vloss 0.0111 clip 0.003 lvw [0.05, 0.05, 0.05, 0.06, 0.12, 0.67]
it 925 steps 30.31M t 189s ep_len 1194 dead% 58 ent 0.308 vloss 0.0104 clip 0.003 lvw [0.05, 0.05, 0.05, 0.05, 0.11, 0.68]
it 930 steps 30.47M t 193s ep_len 1186 dead% 57 ent 0.325 vloss 0.0083 clip 0.004 lvw [0.05, 0.05, 0.05, 0.05, 0.11, 0.69]
it 935 steps 30.64M t 197s ep_len 1212 dead% 62 ent 0.327 vloss 0.0108 clip 0.007 lvw [0.05, 0.05, 0.05, 0.05, 0.12, 0.68]
it 940 steps 30.80M t 201s ep_len 1289 dead% 62 ent 0.325 vloss 0.0138 clip 0.007 lvw [0.05, 0.05, 0.05, 0.06, 0.13, 0.66]
it 945 steps 30.97M t 204s ep_len 1245 dead% 59 ent 0.335 vloss 0.0049 clip 0.001 lvw [0.05, 0.05, 0.05, 0.06, 0.13, 0.66]
it 950 steps 31.13M t 208s ep_len 1227 dead% 58 ent 0.326 vloss 0.0074 clip 0.011 lvw [0.05, 0.05, 0.05, 0.05, 0.13, 0.66]
it 955 steps 31.29M t 212s ep_len 1260 dead% 59 ent 0.368 vloss 0.0129 clip 0.006 lvw [0.05, 0.05, 0.05, 0.06, 0.14, 0.66]
it 960 steps 31.46M t 216s ep_len 1237 dead% 59 ent 0.331 vloss 0.0138 clip 0.002 lvw [0.05, 0.05, 0.05, 0.06, 0.13, 0.66]
it 965 steps 31.62M t 220s ep_len 1281 dead% 59 ent 0.353 vloss 0.0091 clip 0.003 lvw [0.05, 0.05, 0.05, 0.06, 0.13, 0.66]
it 970 steps 31.78M t 224s ep_len 1219 dead% 58 ent 0.339 vloss 0.0069 clip 0.004 lvw [0.05, 0.05, 0.05, 0.06, 0.13, 0.66]
it 975 steps 31.95M t 228s ep_len 1263 dead% 56 ent 0.306 vloss 0.0091 clip 0.005 lvw [0.05, 0.05, 0.05, 0.06, 0.13, 0.66]
it 980 steps 32.11M t 232s ep_len 1203 dead% 56 ent 0.323 vloss 0.0148 clip 0.006 lvw [0.05, 0.05, 0.05, 0.06, 0.12, 0.67]
it 985 steps 32.28M t 236s ep_len 1176 dead% 58 ent 0.326 vloss 0.0137 clip 0.010 lvw [0.05, 0.05, 0.05, 0.06, 0.12, 0.67]
it 990 steps 32.44M t 240s ep_len 1157 dead% 60 ent 0.323 vloss 0.0084 clip 0.005 lvw [0.05, 0.05, 0.05, 0.06, 0.12, 0.67]
it 995 steps 32.60M t 243s ep_len 1146 dead% 58 ent 0.330 vloss 0.0074 clip 0.004 lvw [0.05, 0.05, 0.05, 0.06, 0.12, 0.67]
